// Jest Snapshot v1, https://goo.gl/fbAQLP

exports[`should generate the email subject and body 1`] = `"Password reset request"`;

exports[`should generate the email subject and body 2`] = `
"
  Hi Dummy forenames Dummy surname
  Click here to reset your password:
  http://localhost:3000/login/reset-password?token=eyJhbGciOiJIUzI1NiIsInR5cCI6IkpXVCJ9.eyJlbWFpbEFkZHJlc3MiOiJEdW1teSBlbWFpbCBhZGRyZXNzIiwicGFzc3dvcmRSZXNldENvZGUiOiIxMjMiLCJpYXQiOjE2Mjg4NzA4MjksImV4cCI6MTYyODg3MjYyOSwiaXNzIjoiQmljaGFyZCJ9.kVkTb0rfBHbAKUd2sb8Xevpj9WfIn1r7oGRlYITehC0
  "
`;
