// Jest Snapshot v1, https://goo.gl/fbAQLP

exports[`AccountSetup should generate the email subject and body to request user to setup password 1`] = `"Finish Bichard account setup"`;

exports[`AccountSetup should generate the email subject and body to request user to setup password 2`] = `
"Hi SetupForenames undefined,

  Click here to set your password:
  http://localhost:3000/login/new-password?token=DUMMY_TOKEN
  "
`;

exports[`AccountSetup should generate the email subject and body to request user to setup password 3`] = `"<h1>Finish Bichard account setup</h1><p>Hi SetupForenames ,</p><p>Click here to set your password:</p><p>http://localhost:3000/login/new-password?token=DUMMY_TOKEN</p>"`;
