// Jest Snapshot v1, https://goo.gl/fbAQLP

exports[`should generate the email subject and body 1`] = `"Bichard password reset request"`;

exports[`should generate the email subject and body 2`] = `
"Hi Dummy forenames Dummy surname,

  Click here to reset your password:
  http://localhost:3000/login/reset-password?token=DUMMY_TOKEN
  "
`;

exports[`should generate the email subject and body 3`] = `"<h1>Bichard password reset</h1><p>Hi Dummy forenames Dummy surname,</p><p>Click here to reset your password:</p><p>http://localhost:3000/login/reset-password?token=DUMMY_TOKEN</p>"`;
