// Jest Snapshot v1, https://goo.gl/fbAQLP

exports[`AccountSetup should generate the email subject and body to request user to setup password 1`] = `"Finish account setup"`;

exports[`AccountSetup should generate the email subject and body to request user to setup password 2`] = `
"
  Hi Bichard User 01 Surname 01
  Click here to set your password:
  http://localhost:3000/login/new-password?token=DUMMY_TOKEN
  "
`;
